// Jest Snapshot v1, https://goo.gl/fbAQLP

exports[`When undefined or null data is passed in to verifyData 1`] = `null`;
